#
# There is insufficient memory for the Java Runtime Environment to continue.
# Native memory allocation (malloc) failed to allocate 1703872 bytes. Error detail: Chunk::new
# Possible reasons:
#   The system is out of physical RAM or swap space
#   This process is running with CompressedOops enabled, and the Java Heap may be blocking the growth of the native heap
# Possible solutions:
#   Reduce memory load on the system
#   Increase physical memory or swap space
#   Check if swap backing store is full
#   Decrease Java heap size (-Xmx/-Xms)
#   Decrease number of Java threads
#   Decrease Java thread stack sizes (-Xss)
#   Set larger code cache with -XX:ReservedCodeCacheSize=
#   JVM is running with Unscaled Compressed Oops mode in which the Java heap is
#     placed in the first 4GB address space. The Java Heap base address is the
#     maximum limit for the native heap growth. Please use -XX:HeapBaseMinAddress
#     to set the Java Heap base and to place the Java Heap above 4GB virtual address.
# This output file may be truncated or incomplete.
#
#  Out of Memory Error (arena.cpp:168), pid=17132, tid=15748
#
# JRE version: OpenJDK Runtime Environment Temurin-21.0.8+9 (21.0.8+9) (build 21.0.8+9-LTS)
# Java VM: OpenJDK 64-Bit Server VM Temurin-21.0.8+9 (21.0.8+9-LTS, mixed mode, sharing, tiered, compressed oops, compressed class ptrs, parallel gc, windows-amd64)
# No core dump will be written. Minidumps are not enabled by default on client versions of Windows
#

---------------  S U M M A R Y ------------

Command Line: --add-modules=ALL-SYSTEM --add-opens=java.base/java.util=ALL-UNNAMED --add-opens=java.base/java.lang=ALL-UNNAMED --add-opens=java.base/sun.nio.fs=ALL-UNNAMED -Declipse.application=org.eclipse.jdt.ls.core.id1 -Dosgi.bundles.defaultStartLevel=4 -Declipse.product=org.eclipse.jdt.ls.core.product -Djava.import.generatesMetadataFilesAtProjectRoot=false -DDetectVMInstallationsJob.disabled=true -Dfile.encoding=utf8 -XX:+UseParallelGC -XX:GCTimeRatio=4 -XX:AdaptiveSizePolicyWeight=90 -Dsun.zip.disableMemoryMapping=true -Xmx2G -Xms100m -Xlog:disable -javaagent:c:\Users\Xoan\.vscode\extensions\redhat.java-1.44.0-win32-x64\lombok\lombok-1.18.39-4050.jar -XX:+HeapDumpOnOutOfMemoryError -XX:HeapDumpPath=c:\Users\Xoan\AppData\Roaming\Code\User\workspaceStorage\0b3cd3fae53fb0d5411922ca6d91134d\redhat.java -Daether.dependencyCollector.impl=bf c:\Users\Xoan\.vscode\extensions\redhat.java-1.44.0-win32-x64\server\plugins\org.eclipse.equinox.launcher_1.7.0.v20250519-0528.jar -configuration c:\Users\Xoan\AppData\Roaming\Code\User\globalStorage\redhat.java\1.44.0\config_win -data c:\Users\Xoan\AppData\Roaming\Code\User\workspaceStorage\0b3cd3fae53fb0d5411922ca6d91134d\redhat.java\jdt_ws --pipe=\\.\pipe\lsp-7235f693f855549b141747bb95a6e835-sock

Host: Intel(R) Core(TM) i5-10400F CPU @ 2.90GHz, 12 cores, 15G,  Windows 11 , 64 bit Build 26100 (10.0.26100.4768)
Time: Thu Aug 14 17:13:35 2025 Hora estándar, América Central elapsed time: 10.573453 seconds (0d 0h 0m 10s)

---------------  T H R E A D  ---------------

Current thread (0x00000214796bf130):  JavaThread "C2 CompilerThread1" daemon [_thread_in_native, id=15748, stack(0x00000078b4700000,0x00000078b4800000) (1024K)]


Current CompileTask:
C2:10573 4538   !   4       org.eclipse.osgi.internal.loader.classpath.ClasspathManager::findClassImpl (343 bytes)

Stack: [0x00000078b4700000,0x00000078b4800000]
Native frames: (J=compiled Java code, j=interpreted, Vv=VM code, C=native code)
V  [jvm.dll+0x6d2449]
V  [jvm.dll+0x8ae341]
V  [jvm.dll+0x8b08be]
V  [jvm.dll+0x8b0fa3]
V  [jvm.dll+0x280c96]
V  [jvm.dll+0xc581d]
V  [jvm.dll+0xc5d53]
V  [jvm.dll+0x3b919c]
V  [jvm.dll+0x385315]
V  [jvm.dll+0x38477a]
V  [jvm.dll+0x248ed0]
V  [jvm.dll+0x2484af]
V  [jvm.dll+0x1c89ee]
V  [jvm.dll+0x257d4d]
V  [jvm.dll+0x2562ea]
V  [jvm.dll+0x3f2d16]
V  [jvm.dll+0x857e6b]
V  [jvm.dll+0x6d0b0d]
C  [ucrtbase.dll+0x37b0]
C  [KERNEL32.DLL+0x2e8d7]
C  [ntdll.dll+0x3c34c]


---------------  P R O C E S S  ---------------

Threads class SMR info:
_java_thread_list=0x0000021441f8f0c0, length=47, elements={
0x000002145f560b60, 0x000002145f604400, 0x0000021477f2e3d0, 0x000002145f606b20,
0x000002145f608530, 0x000002145f609920, 0x000002145f611f10, 0x00000214793b1f90,
0x00000214793b3640, 0x000002145f5ce240, 0x00000214796bf130, 0x00000214796b66a0,
0x000002147f0ed950, 0x000002147aa45f80, 0x000002147a473380, 0x000002147a4739e0,
0x000002147f279700, 0x000002147f2c1070, 0x000002147f2d17a0, 0x000002147f2d1e30,
0x000002147f2d24c0, 0x000002147f2d2b50, 0x000002147ff17020, 0x000002147f2d3f00,
0x000002147f2d3870, 0x000002147f2d4590, 0x000002147f2d31e0, 0x000002147f2d4c20,
0x000002147fd0e550, 0x000002147fd0cb10, 0x000002147fd0d1a0, 0x000002147fd0dec0,
0x000002147fd0d830, 0x000002147fd0b760, 0x000002147fd0ebe0, 0x000002147fd0f270,
0x000002147fd0bdf0, 0x000002147fd0f900, 0x000002147fd0c480, 0x000002147fd12060,
0x000002147fd10cb0, 0x000002147fd11340, 0x000002147fd12d80, 0x000002147fd119d0,
0x000002147fd10620, 0x000002147fd0ff90, 0x0000021442669b20
}

Java Threads: ( => current thread )
  0x000002145f560b60 JavaThread "main"                              [_thread_blocked, id=25312, stack(0x00000078b3a00000,0x00000078b3b00000) (1024K)]
  0x000002145f604400 JavaThread "Reference Handler"          daemon [_thread_blocked, id=21060, stack(0x00000078b3e00000,0x00000078b3f00000) (1024K)]
  0x0000021477f2e3d0 JavaThread "Finalizer"                  daemon [_thread_blocked, id=10516, stack(0x00000078b3f00000,0x00000078b4000000) (1024K)]
  0x000002145f606b20 JavaThread "Signal Dispatcher"          daemon [_thread_blocked, id=16236, stack(0x00000078b4000000,0x00000078b4100000) (1024K)]
  0x000002145f608530 JavaThread "Attach Listener"            daemon [_thread_blocked, id=17388, stack(0x00000078b4100000,0x00000078b4200000) (1024K)]
  0x000002145f609920 JavaThread "Service Thread"             daemon [_thread_blocked, id=6296, stack(0x00000078b4200000,0x00000078b4300000) (1024K)]
  0x000002145f611f10 JavaThread "Monitor Deflation Thread"   daemon [_thread_blocked, id=9696, stack(0x00000078b4300000,0x00000078b4400000) (1024K)]
  0x00000214793b1f90 JavaThread "C2 CompilerThread0"         daemon [_thread_in_native, id=3048, stack(0x00000078b4400000,0x00000078b4500000) (1024K)]
  0x00000214793b3640 JavaThread "C1 CompilerThread0"         daemon [_thread_blocked, id=2336, stack(0x00000078b4500000,0x00000078b4600000) (1024K)]
  0x000002145f5ce240 JavaThread "Common-Cleaner"             daemon [_thread_blocked, id=16324, stack(0x00000078b4600000,0x00000078b4700000) (1024K)]
=>0x00000214796bf130 JavaThread "C2 CompilerThread1"         daemon [_thread_in_native, id=15748, stack(0x00000078b4700000,0x00000078b4800000) (1024K)]
  0x00000214796b66a0 JavaThread "Notification Thread"        daemon [_thread_blocked, id=14272, stack(0x00000078b4800000,0x00000078b4900000) (1024K)]
  0x000002147f0ed950 JavaThread "Active Thread: Equinox Container: 7274c1eb-0752-44e1-92fe-95242b232d1e"        [_thread_blocked, id=16804, stack(0x00000078b5000000,0x00000078b5100000) (1024K)]
  0x000002147aa45f80 JavaThread "Refresh Thread: Equinox Container: 7274c1eb-0752-44e1-92fe-95242b232d1e" daemon [_thread_blocked, id=17120, stack(0x00000078b5100000,0x00000078b5200000) (1024K)]
  0x000002147a473380 JavaThread "Framework Event Dispatcher: Equinox Container: 7274c1eb-0752-44e1-92fe-95242b232d1e" daemon [_thread_blocked, id=24140, stack(0x00000078b5200000,0x00000078b5300000) (1024K)]
  0x000002147a4739e0 JavaThread "Start Level: Equinox Container: 7274c1eb-0752-44e1-92fe-95242b232d1e" daemon [_thread_blocked, id=7980, stack(0x00000078b5300000,0x00000078b5400000) (1024K)]
  0x000002147f279700 JavaThread "Bundle File Closer"         daemon [_thread_blocked, id=10640, stack(0x00000078b5700000,0x00000078b5800000) (1024K)]
  0x000002147f2c1070 JavaThread "SCR Component Actor"        daemon [_thread_blocked, id=25916, stack(0x00000078b5400000,0x00000078b5500000) (1024K)]
  0x000002147f2d17a0 JavaThread "Worker-JM"                         [_thread_blocked, id=11116, stack(0x00000078b5900000,0x00000078b5a00000) (1024K)]
  0x000002147f2d1e30 JavaThread "JNA Cleaner"                daemon [_thread_blocked, id=11584, stack(0x00000078b5a00000,0x00000078b5b00000) (1024K)]
  0x000002147f2d24c0 JavaThread "Worker-0: Initialize After Load"        [_thread_blocked, id=1876, stack(0x00000078b5b00000,0x00000078b5c00000) (1024K)]
  0x000002147f2d2b50 JavaThread "Worker-1: Updating Maven Dependencies"        [_thread_in_vm, id=20356, stack(0x00000078b5c00000,0x00000078b5d00000) (1024K)]
  0x000002147ff17020 JavaThread "C2 CompilerThread2"         daemon [_thread_in_vm, id=6140, stack(0x00000078b5d00000,0x00000078b5e00000) (1024K)]
  0x000002147f2d3f00 JavaThread "Java indexing"              daemon [_thread_blocked, id=1776, stack(0x00000078b5e00000,0x00000078b5f00000) (1024K)]
  0x000002147f2d3870 JavaThread "Worker-2: Repository registry initialization"        [_thread_blocked, id=15308, stack(0x00000078b6200000,0x00000078b6300000) (1024K)]
  0x000002147f2d4590 JavaThread "Worker-3: Synchronize Gradle projects with workspace"        [_thread_blocked, id=24244, stack(0x00000078b6300000,0x00000078b6400000) (1024K)]
  0x000002147f2d31e0 JavaThread "Thread-2"                   daemon [_thread_in_native, id=5364, stack(0x00000078b6400000,0x00000078b6500000) (1024K)]
  0x000002147f2d4c20 JavaThread "Thread-3"                   daemon [_thread_in_native, id=18396, stack(0x00000078b6500000,0x00000078b6600000) (1024K)]
  0x000002147fd0e550 JavaThread "Thread-4"                   daemon [_thread_in_native, id=3308, stack(0x00000078b6600000,0x00000078b6700000) (1024K)]
  0x000002147fd0cb10 JavaThread "Thread-5"                   daemon [_thread_in_native, id=22232, stack(0x00000078b6700000,0x00000078b6800000) (1024K)]
  0x000002147fd0d1a0 JavaThread "Thread-6"                   daemon [_thread_in_native, id=19668, stack(0x00000078b6800000,0x00000078b6900000) (1024K)]
  0x000002147fd0dec0 JavaThread "Thread-7"                   daemon [_thread_in_native, id=11004, stack(0x00000078b6900000,0x00000078b6a00000) (1024K)]
  0x000002147fd0d830 JavaThread "Thread-8"                   daemon [_thread_in_native, id=11544, stack(0x00000078b6a00000,0x00000078b6b00000) (1024K)]
  0x000002147fd0b760 JavaThread "Thread-9"                   daemon [_thread_in_native, id=19992, stack(0x00000078b6b00000,0x00000078b6c00000) (1024K)]
  0x000002147fd0ebe0 JavaThread "Thread-10"                  daemon [_thread_in_native, id=15780, stack(0x00000078b6c00000,0x00000078b6d00000) (1024K)]
  0x000002147fd0f270 JavaThread "Thread-11"                  daemon [_thread_in_native, id=17972, stack(0x00000078b6d00000,0x00000078b6e00000) (1024K)]
  0x000002147fd0bdf0 JavaThread "Thread-12"                  daemon [_thread_in_native, id=2808, stack(0x00000078b6e00000,0x00000078b6f00000) (1024K)]
  0x000002147fd0f900 JavaThread "Thread-13"                  daemon [_thread_in_native, id=17876, stack(0x00000078b6f00000,0x00000078b7000000) (1024K)]
  0x000002147fd0c480 JavaThread "Thread-14"                  daemon [_thread_in_native, id=4452, stack(0x00000078b7000000,0x00000078b7100000) (1024K)]
  0x000002147fd12060 JavaThread "pool-2-thread-1"                   [_thread_blocked, id=20364, stack(0x00000078b7100000,0x00000078b7200000) (1024K)]
  0x000002147fd10cb0 JavaThread "Timer-0"                           [_thread_blocked, id=18360, stack(0x00000078b7200000,0x00000078b7300000) (1024K)]
  0x000002147fd11340 JavaThread "Timer-1"                           [_thread_blocked, id=22316, stack(0x00000078b7300000,0x00000078b7400000) (1024K)]
  0x000002147fd12d80 JavaThread "WorkspaceEventsHandler"            [_thread_blocked, id=15796, stack(0x00000078b7400000,0x00000078b7500000) (1024K)]
  0x000002147fd119d0 JavaThread "pool-1-thread-1"                   [_thread_blocked, id=3788, stack(0x00000078b7500000,0x00000078b7600000) (1024K)]
  0x000002147fd10620 JavaThread "Connection worker"                 [_thread_in_native, id=17516, stack(0x00000078b7600000,0x00000078b7700000) (1024K)]
  0x000002147fd0ff90 JavaThread "Worker-4"                          [_thread_blocked, id=2196, stack(0x00000078b7700000,0x00000078b7800000) (1024K)]
  0x0000021442669b20 JavaThread "Worker-5"                          [_thread_blocked, id=20908, stack(0x00000078b7800000,0x00000078b7900000) (1024K)]
Total: 47

Other Threads:
  0x000002145f5ffa20 VMThread "VM Thread"                           [id=21268, stack(0x00000078b3d00000,0x00000078b3e00000) (1024K)]
  0x0000021477e0ca10 WatcherThread "VM Periodic Task Thread"        [id=7828, stack(0x00000078b3c00000,0x00000078b3d00000) (1024K)]
  0x000002145f57f2c0 WorkerThread "GC Thread#0"                     [id=21816, stack(0x00000078b3b00000,0x00000078b3c00000) (1024K)]
  0x000002147a4da780 WorkerThread "GC Thread#1"                     [id=9016, stack(0x00000078b4a00000,0x00000078b4b00000) (1024K)]
  0x000002147a4dab20 WorkerThread "GC Thread#2"                     [id=22756, stack(0x00000078b4b00000,0x00000078b4c00000) (1024K)]
  0x000002147a3bd520 WorkerThread "GC Thread#3"                     [id=22440, stack(0x00000078b4c00000,0x00000078b4d00000) (1024K)]
  0x000002147a3bd8c0 WorkerThread "GC Thread#4"                     [id=8580, stack(0x00000078b4d00000,0x00000078b4e00000) (1024K)]
  0x000002147a3bdc60 WorkerThread "GC Thread#5"                     [id=16048, stack(0x00000078b4e00000,0x00000078b4f00000) (1024K)]
  0x000002147a3be000 WorkerThread "GC Thread#6"                     [id=2016, stack(0x00000078b4f00000,0x00000078b5000000) (1024K)]
  0x000002147aa45be0 WorkerThread "GC Thread#7"                     [id=17004, stack(0x00000078b4900000,0x00000078b4a00000) (1024K)]
  0x000002147f55c440 WorkerThread "GC Thread#8"                     [id=17788, stack(0x00000078b5500000,0x00000078b5600000) (1024K)]
  0x000002147f3b0d30 WorkerThread "GC Thread#9"                     [id=16304, stack(0x00000078b5600000,0x00000078b5700000) (1024K)]
Total: 12

Threads with active compile tasks:
C2 CompilerThread0  11626 4619   !   4       org.eclipse.osgi.internal.loader.classpath.ClasspathManager::defineClass (636 bytes)
C2 CompilerThread1  11626 4538   !   4       org.eclipse.osgi.internal.loader.classpath.ClasspathManager::findClassImpl (343 bytes)
C2 CompilerThread2  11626 4797 %     4       java.io.WinNTFileSystem::normalize @ 22 (143 bytes)
Total: 3

VM state: not at safepoint (normal execution)

VM Mutex/Monitor currently owned by a thread: None

Heap address: 0x0000000080000000, size: 2048 MB, Compressed Oops mode: 32-bit

CDS archive(s) mapped at: [0x0000021400000000-0x0000021400ba0000-0x0000021400ba0000), size 12189696, SharedBaseAddress: 0x0000021400000000, ArchiveRelocationMode: 1.
Compressed class space mapped at: 0x0000021401000000-0x0000021441000000, reserved size: 1073741824
Narrow klass base: 0x0000021400000000, Narrow klass shift: 0, Narrow klass range: 0x100000000

GC Precious Log:
 CardTable entry size: 512
 CPUs: 12 total, 12 available
 Memory: 16308M
 Large Page Support: Disabled
 NUMA Support: Disabled
 Compressed Oops: Enabled (32-bit)
 Alignments: Space 512K, Generation 512K, Heap 2M
 Heap Min Capacity: 100M
 Heap Initial Capacity: 100M
 Heap Max Capacity: 2G
 Pre-touch: Disabled
 Parallel Workers: 10

Heap:
 PSYoungGen      total 23040K, used 10614K [0x00000000d5580000, 0x00000000d7000000, 0x0000000100000000)
  eden space 22016K, 43% used [0x00000000d5580000,0x00000000d5eedaf0,0x00000000d6b00000)
  from space 1024K, 93% used [0x00000000d6f00000,0x00000000d6ff0000,0x00000000d7000000)
  to   space 1536K, 0% used [0x00000000d6d00000,0x00000000d6d00000,0x00000000d6e80000)
 ParOldGen       total 68608K, used 18609K [0x0000000080000000, 0x0000000084300000, 0x00000000d5580000)
  object space 68608K, 27% used [0x0000000080000000,0x000000008122c560,0x0000000084300000)
 Metaspace       used 38154K, committed 39296K, reserved 1114112K
  class space    used 4120K, committed 4672K, reserved 1048576K

Card table byte_map: [0x0000021473270000,0x0000021473680000] _byte_map_base: 0x0000021472e70000

Marking Bits: (ParMarkBitMap*) 0x00007ff8a16fa340
 Begin Bits: [0x0000021473930000, 0x0000021475930000)
 End Bits:   [0x0000021475930000, 0x0000021477930000)

Polling page: 0x000002145f2a0000

Metaspace:

Usage:
  Non-class:     33.24 MB used.
      Class:      4.02 MB used.
       Both:     37.26 MB used.

Virtual space:
  Non-class space:       64.00 MB reserved,      33.81 MB ( 53%) committed,  1 nodes.
      Class space:        1.00 GB reserved,       4.56 MB ( <1%) committed,  1 nodes.
             Both:        1.06 GB reserved,      38.38 MB (  4%) committed. 

Chunk freelists:
   Non-Class:  13.94 MB
       Class:  11.42 MB
        Both:  25.36 MB

MaxMetaspaceSize: unlimited
CompressedClassSpaceSize: 1.00 GB
Initial GC threshold: 21.00 MB
Current GC threshold: 58.38 MB
CDS: on
 - commit_granule_bytes: 65536.
 - commit_granule_words: 8192.
 - virtual_space_node_default_size: 8388608.
 - enlarge_chunks_in_place: 1.
 - use_allocation_guard: 0.


Internal statistics:

num_allocs_failed_limit: 6.
num_arena_births: 756.
num_arena_deaths: 14.
num_vsnodes_births: 2.
num_vsnodes_deaths: 0.
num_space_committed: 614.
num_space_uncommitted: 0.
num_chunks_returned_to_freelist: 20.
num_chunks_taken_from_freelist: 2463.
num_chunk_merges: 10.
num_chunk_splits: 1512.
num_chunks_enlarged: 864.
num_inconsistent_stats: 0.

CodeHeap 'non-profiled nmethods': size=120000Kb used=2123Kb max_used=2204Kb free=117876Kb
 bounds [0x000002146bb60000, 0x000002146bdd0000, 0x0000021473090000]
CodeHeap 'profiled nmethods': size=120000Kb used=8637Kb max_used=9556Kb free=111362Kb
 bounds [0x0000021464090000, 0x0000021464a00000, 0x000002146b5c0000]
CodeHeap 'non-nmethods': size=5760Kb used=1363Kb max_used=1433Kb free=4396Kb
 bounds [0x000002146b5c0000, 0x000002146b830000, 0x000002146bb60000]
CodeCache: size=245760Kb, used=12123Kb, max_used=13193Kb, free=233634Kb
 total_blobs=4866, nmethods=4206, adapters=566, full_count=0
Compilation: enabled, stopped_count=0, restarted_count=0

Compilation events (20 events):
Event: 9.521 Thread 0x00000214793b3640 4744       3       sun.nio.fs.WindowsPathParser::normalize (233 bytes)
Event: 9.521 Thread 0x000002147ff17020 4738       4       java.lang.Character::codePointAt (51 bytes)
Event: 9.522 Thread 0x000002147ff17020 nmethod 4738 0x000002146bb9df90 code [0x000002146bb9e140, 0x000002146bb9e328]
Event: 9.522 Thread 0x00000214793b3640 nmethod 4744 0x00000214643cdf10 code [0x00000214643ce4c0, 0x00000214643d0ff0]
Event: 9.522 Thread 0x000002147ff17020 4731       4       java.util.regex.Pattern::atom (422 bytes)
Event: 9.522 Thread 0x00000214793b3640 4745       3       java.util.Comparator$$Lambda/0x00000214010222c8::compare (16 bytes)
Event: 9.523 Thread 0x00000214793b3640 nmethod 4745 0x00000214643b3f90 code [0x00000214643b4160, 0x00000214643b45d0]
Event: 9.523 Thread 0x00000214793b3640 4746       3       java.util.Comparator::lambda$thenComparing$36697e65$1 (29 bytes)
Event: 9.523 Thread 0x00000214793b3640 nmethod 4746 0x0000021464342010 code [0x00000214643421e0, 0x0000021464342500]
Event: 9.523 Thread 0x00000214793b3640 4729       3       java.util.concurrent.ConcurrentLinkedQueue::updateHead (26 bytes)
Event: 9.523 Thread 0x00000214793b3640 nmethod 4729 0x0000021464206110 code [0x0000021464206460, 0x00000214642078b8]
Event: 9.524 Thread 0x00000214793b3640 4735       3       java.util.regex.Pattern::compile (10 bytes)
Event: 9.524 Thread 0x00000214793b3640 nmethod 4735 0x0000021464439290 code [0x0000021464439440, 0x00000214644395d8]
Event: 9.524 Thread 0x00000214793b3640 4740       3       java.lang.String::matches (6 bytes)
Event: 9.524 Thread 0x00000214793b3640 nmethod 4740 0x00000214642cbf10 code [0x00000214642cc100, 0x00000214642cc468]
Event: 9.524 Thread 0x00000214793b3640 4741       3       java.util.regex.Pattern::matches (16 bytes)
Event: 9.524 Thread 0x00000214793b3640 nmethod 4741 0x00000214643ecd90 code [0x00000214643ecf60, 0x00000214643ed248]
Event: 9.524 Thread 0x00000214793b3640 4726       3       sun.net.www.protocol.file.Handler::parseURL (18 bytes)
Event: 9.524 Thread 0x00000214793b3640 nmethod 4726 0x0000021464550290 code [0x0000021464550440, 0x0000021464550600]
Event: 9.524 Thread 0x00000214793b3640 4722       3       java.net.URI$Parser::parseHierarchical (178 bytes)

GC Heap History (20 events):
Event: 4.392 GC heap before
{Heap before GC invocations=7 (full 0):
 PSYoungGen      total 29696K, used 25489K [0x00000000d5580000, 0x00000000d7880000, 0x0000000100000000)
  eden space 24576K, 82% used [0x00000000d5580000,0x00000000d69687a0,0x00000000d6d80000)
  from space 5120K, 99% used [0x00000000d7380000,0x00000000d787bfe8,0x00000000d7880000)
  to   space 5632K, 0% used [0x00000000d6d80000,0x00000000d6d80000,0x00000000d7300000)
 ParOldGen       total 68608K, used 7889K [0x0000000080000000, 0x0000000084300000, 0x00000000d5580000)
  object space 68608K, 11% used [0x0000000080000000,0x00000000807b45d8,0x0000000084300000)
 Metaspace       used 20650K, committed 21504K, reserved 1114112K
  class space    used 2176K, committed 2560K, reserved 1048576K
}
Event: 4.396 GC heap after
{Heap after GC invocations=7 (full 0):
 PSYoungGen      total 29184K, used 4184K [0x00000000d5580000, 0x00000000d7680000, 0x0000000100000000)
  eden space 24576K, 0% used [0x00000000d5580000,0x00000000d5580000,0x00000000d6d80000)
  from space 4608K, 90% used [0x00000000d6d80000,0x00000000d71960d0,0x00000000d7200000)
  to   space 4608K, 0% used [0x00000000d7200000,0x00000000d7200000,0x00000000d7680000)
 ParOldGen       total 68608K, used 9370K [0x0000000080000000, 0x0000000084300000, 0x00000000d5580000)
  object space 68608K, 13% used [0x0000000080000000,0x0000000080926b68,0x0000000084300000)
 Metaspace       used 20650K, committed 21504K, reserved 1114112K
  class space    used 2176K, committed 2560K, reserved 1048576K
}
Event: 4.396 GC heap before
{Heap before GC invocations=8 (full 1):
 PSYoungGen      total 29184K, used 4184K [0x00000000d5580000, 0x00000000d7680000, 0x0000000100000000)
  eden space 24576K, 0% used [0x00000000d5580000,0x00000000d5580000,0x00000000d6d80000)
  from space 4608K, 90% used [0x00000000d6d80000,0x00000000d71960d0,0x00000000d7200000)
  to   space 4608K, 0% used [0x00000000d7200000,0x00000000d7200000,0x00000000d7680000)
 ParOldGen       total 68608K, used 9370K [0x0000000080000000, 0x0000000084300000, 0x00000000d5580000)
  object space 68608K, 13% used [0x0000000080000000,0x0000000080926b68,0x0000000084300000)
 Metaspace       used 20650K, committed 21504K, reserved 1114112K
  class space    used 2176K, committed 2560K, reserved 1048576K
}
Event: 4.424 GC heap after
{Heap after GC invocations=8 (full 1):
 PSYoungGen      total 29184K, used 0K [0x00000000d5580000, 0x00000000d7680000, 0x0000000100000000)
  eden space 24576K, 0% used [0x00000000d5580000,0x00000000d5580000,0x00000000d6d80000)
  from space 4608K, 0% used [0x00000000d6d80000,0x00000000d6d80000,0x00000000d7200000)
  to   space 4608K, 0% used [0x00000000d7200000,0x00000000d7200000,0x00000000d7680000)
 ParOldGen       total 68608K, used 12668K [0x0000000080000000, 0x0000000084300000, 0x00000000d5580000)
  object space 68608K, 18% used [0x0000000080000000,0x0000000080c5f278,0x0000000084300000)
 Metaspace       used 20637K, committed 21504K, reserved 1114112K
  class space    used 2172K, committed 2560K, reserved 1048576K
}
Event: 4.587 GC heap before
{Heap before GC invocations=9 (full 1):
 PSYoungGen      total 29184K, used 24576K [0x00000000d5580000, 0x00000000d7680000, 0x0000000100000000)
  eden space 24576K, 100% used [0x00000000d5580000,0x00000000d6d80000,0x00000000d6d80000)
  from space 4608K, 0% used [0x00000000d6d80000,0x00000000d6d80000,0x00000000d7200000)
  to   space 4608K, 0% used [0x00000000d7200000,0x00000000d7200000,0x00000000d7680000)
 ParOldGen       total 68608K, used 12668K [0x0000000080000000, 0x0000000084300000, 0x00000000d5580000)
  object space 68608K, 18% used [0x0000000080000000,0x0000000080c5f278,0x0000000084300000)
 Metaspace       used 23251K, committed 24064K, reserved 1114112K
  class space    used 2341K, committed 2688K, reserved 1048576K
}
Event: 4.587 GC heap after
{Heap after GC invocations=9 (full 1):
 PSYoungGen      total 25088K, used 672K [0x00000000d5580000, 0x00000000d7300000, 0x0000000100000000)
  eden space 24064K, 0% used [0x00000000d5580000,0x00000000d5580000,0x00000000d6d00000)
  from space 1024K, 65% used [0x00000000d7200000,0x00000000d72a8230,0x00000000d7300000)
  to   space 2048K, 0% used [0x00000000d6f00000,0x00000000d6f00000,0x00000000d7100000)
 ParOldGen       total 68608K, used 12668K [0x0000000080000000, 0x0000000084300000, 0x00000000d5580000)
  object space 68608K, 18% used [0x0000000080000000,0x0000000080c5f278,0x0000000084300000)
 Metaspace       used 23251K, committed 24064K, reserved 1114112K
  class space    used 2341K, committed 2688K, reserved 1048576K
}
Event: 4.743 GC heap before
{Heap before GC invocations=10 (full 1):
 PSYoungGen      total 25088K, used 24736K [0x00000000d5580000, 0x00000000d7300000, 0x0000000100000000)
  eden space 24064K, 100% used [0x00000000d5580000,0x00000000d6d00000,0x00000000d6d00000)
  from space 1024K, 65% used [0x00000000d7200000,0x00000000d72a8230,0x00000000d7300000)
  to   space 2048K, 0% used [0x00000000d6f00000,0x00000000d6f00000,0x00000000d7100000)
 ParOldGen       total 68608K, used 12668K [0x0000000080000000, 0x0000000084300000, 0x00000000d5580000)
  object space 68608K, 18% used [0x0000000080000000,0x0000000080c5f278,0x0000000084300000)
 Metaspace       used 26289K, committed 27136K, reserved 1114112K
  class space    used 2579K, committed 2944K, reserved 1048576K
}
Event: 4.744 GC heap after
{Heap after GC invocations=10 (full 1):
 PSYoungGen      total 25600K, used 1778K [0x00000000d5580000, 0x00000000d7280000, 0x0000000100000000)
  eden space 23552K, 0% used [0x00000000d5580000,0x00000000d5580000,0x00000000d6c80000)
  from space 2048K, 86% used [0x00000000d6f00000,0x00000000d70bc888,0x00000000d7100000)
  to   space 1536K, 0% used [0x00000000d7100000,0x00000000d7100000,0x00000000d7280000)
 ParOldGen       total 68608K, used 13457K [0x0000000080000000, 0x0000000084300000, 0x00000000d5580000)
  object space 68608K, 19% used [0x0000000080000000,0x0000000080d24788,0x0000000084300000)
 Metaspace       used 26289K, committed 27136K, reserved 1114112K
  class space    used 2579K, committed 2944K, reserved 1048576K
}
Event: 4.930 GC heap before
{Heap before GC invocations=11 (full 1):
 PSYoungGen      total 25600K, used 25330K [0x00000000d5580000, 0x00000000d7280000, 0x0000000100000000)
  eden space 23552K, 100% used [0x00000000d5580000,0x00000000d6c80000,0x00000000d6c80000)
  from space 2048K, 86% used [0x00000000d6f00000,0x00000000d70bc888,0x00000000d7100000)
  to   space 1536K, 0% used [0x00000000d7100000,0x00000000d7100000,0x00000000d7280000)
 ParOldGen       total 68608K, used 13457K [0x0000000080000000, 0x0000000084300000, 0x00000000d5580000)
  object space 68608K, 19% used [0x0000000080000000,0x0000000080d24788,0x0000000084300000)
 Metaspace       used 28605K, committed 29504K, reserved 1114112K
  class space    used 2794K, committed 3200K, reserved 1048576K
}
Event: 4.931 GC heap after
{Heap after GC invocations=11 (full 1):
 PSYoungGen      total 24576K, used 1529K [0x00000000d5580000, 0x00000000d7280000, 0x0000000100000000)
  eden space 23040K, 0% used [0x00000000d5580000,0x00000000d5580000,0x00000000d6c00000)
  from space 1536K, 99% used [0x00000000d7100000,0x00000000d727e458,0x00000000d7280000)
  to   space 3072K, 0% used [0x00000000d6c80000,0x00000000d6c80000,0x00000000d6f80000)
 ParOldGen       total 68608K, used 14738K [0x0000000080000000, 0x0000000084300000, 0x00000000d5580000)
  object space 68608K, 21% used [0x0000000080000000,0x0000000080e64a60,0x0000000084300000)
 Metaspace       used 28605K, committed 29504K, reserved 1114112K
  class space    used 2794K, committed 3200K, reserved 1048576K
}
Event: 5.104 GC heap before
{Heap before GC invocations=12 (full 1):
 PSYoungGen      total 24576K, used 24569K [0x00000000d5580000, 0x00000000d7280000, 0x0000000100000000)
  eden space 23040K, 100% used [0x00000000d5580000,0x00000000d6c00000,0x00000000d6c00000)
  from space 1536K, 99% used [0x00000000d7100000,0x00000000d727e458,0x00000000d7280000)
  to   space 3072K, 0% used [0x00000000d6c80000,0x00000000d6c80000,0x00000000d6f80000)
 ParOldGen       total 68608K, used 14738K [0x0000000080000000, 0x0000000084300000, 0x00000000d5580000)
  object space 68608K, 21% used [0x0000000080000000,0x0000000080e64a60,0x0000000084300000)
 Metaspace       used 31626K, committed 32704K, reserved 1114112K
  class space    used 3168K, committed 3648K, reserved 1048576K
}
Event: 5.106 GC heap after
{Heap after GC invocations=12 (full 1):
 PSYoungGen      total 25600K, used 1556K [0x00000000d5580000, 0x00000000d7180000, 0x0000000100000000)
  eden space 22528K, 0% used [0x00000000d5580000,0x00000000d5580000,0x00000000d6b80000)
  from space 3072K, 50% used [0x00000000d6c80000,0x00000000d6e05320,0x00000000d6f80000)
  to   space 2048K, 0% used [0x00000000d6f80000,0x00000000d6f80000,0x00000000d7180000)
 ParOldGen       total 68608K, used 16096K [0x0000000080000000, 0x0000000084300000, 0x00000000d5580000)
  object space 68608K, 23% used [0x0000000080000000,0x0000000080fb8160,0x0000000084300000)
 Metaspace       used 31626K, committed 32704K, reserved 1114112K
  class space    used 3168K, committed 3648K, reserved 1048576K
}
Event: 5.259 GC heap before
{Heap before GC invocations=13 (full 1):
 PSYoungGen      total 25600K, used 24084K [0x00000000d5580000, 0x00000000d7180000, 0x0000000100000000)
  eden space 22528K, 100% used [0x00000000d5580000,0x00000000d6b80000,0x00000000d6b80000)
  from space 3072K, 50% used [0x00000000d6c80000,0x00000000d6e05320,0x00000000d6f80000)
  to   space 2048K, 0% used [0x00000000d6f80000,0x00000000d6f80000,0x00000000d7180000)
 ParOldGen       total 68608K, used 16097K [0x0000000080000000, 0x0000000084300000, 0x00000000d5580000)
  object space 68608K, 23% used [0x0000000080000000,0x0000000080fb8738,0x0000000084300000)
 Metaspace       used 34388K, committed 35520K, reserved 1114112K
  class space    used 3556K, committed 4032K, reserved 1048576K
}
Event: 5.262 GC heap after
{Heap after GC invocations=13 (full 1):
 PSYoungGen      total 24576K, used 1984K [0x00000000d5580000, 0x00000000d7180000, 0x0000000100000000)
  eden space 22528K, 0% used [0x00000000d5580000,0x00000000d5580000,0x00000000d6b80000)
  from space 2048K, 96% used [0x00000000d6f80000,0x00000000d7170000,0x00000000d7180000)
  to   space 2560K, 0% used [0x00000000d6c80000,0x00000000d6c80000,0x00000000d6f00000)
 ParOldGen       total 68608K, used 17158K [0x0000000080000000, 0x0000000084300000, 0x00000000d5580000)
  object space 68608K, 25% used [0x0000000080000000,0x00000000810c1bc0,0x0000000084300000)
 Metaspace       used 34388K, committed 35520K, reserved 1114112K
  class space    used 3556K, committed 4032K, reserved 1048576K
}
Event: 5.280 GC heap before
{Heap before GC invocations=14 (full 1):
 PSYoungGen      total 24576K, used 5299K [0x00000000d5580000, 0x00000000d7180000, 0x0000000100000000)
  eden space 22528K, 14% used [0x00000000d5580000,0x00000000d58bcde8,0x00000000d6b80000)
  from space 2048K, 96% used [0x00000000d6f80000,0x00000000d7170000,0x00000000d7180000)
  to   space 2560K, 0% used [0x00000000d6c80000,0x00000000d6c80000,0x00000000d6f00000)
 ParOldGen       total 68608K, used 17158K [0x0000000080000000, 0x0000000084300000, 0x00000000d5580000)
  object space 68608K, 25% used [0x0000000080000000,0x00000000810c1bc0,0x0000000084300000)
 Metaspace       used 34756K, committed 35840K, reserved 1114112K
  class space    used 3613K, committed 4096K, reserved 1048576K
}
Event: 5.282 GC heap after
{Heap after GC invocations=14 (full 1):
 PSYoungGen      total 25088K, used 416K [0x00000000d5580000, 0x00000000d7000000, 0x0000000100000000)
  eden space 22528K, 0% used [0x00000000d5580000,0x00000000d5580000,0x00000000d6b80000)
  from space 2560K, 16% used [0x00000000d6c80000,0x00000000d6ce8000,0x00000000d6f00000)
  to   space 1024K, 0% used [0x00000000d6f00000,0x00000000d6f00000,0x00000000d7000000)
 ParOldGen       total 68608K, used 18939K [0x0000000080000000, 0x0000000084300000, 0x00000000d5580000)
  object space 68608K, 27% used [0x0000000080000000,0x000000008127ece0,0x0000000084300000)
 Metaspace       used 34756K, committed 35840K, reserved 1114112K
  class space    used 3613K, committed 4096K, reserved 1048576K
}
Event: 5.282 GC heap before
{Heap before GC invocations=15 (full 2):
 PSYoungGen      total 25088K, used 416K [0x00000000d5580000, 0x00000000d7000000, 0x0000000100000000)
  eden space 22528K, 0% used [0x00000000d5580000,0x00000000d5580000,0x00000000d6b80000)
  from space 2560K, 16% used [0x00000000d6c80000,0x00000000d6ce8000,0x00000000d6f00000)
  to   space 1024K, 0% used [0x00000000d6f00000,0x00000000d6f00000,0x00000000d7000000)
 ParOldGen       total 68608K, used 18939K [0x0000000080000000, 0x0000000084300000, 0x00000000d5580000)
  object space 68608K, 27% used [0x0000000080000000,0x000000008127ece0,0x0000000084300000)
 Metaspace       used 34756K, committed 35840K, reserved 1114112K
  class space    used 3613K, committed 4096K, reserved 1048576K
}
Event: 5.310 GC heap after
{Heap after GC invocations=15 (full 2):
 PSYoungGen      total 25088K, used 0K [0x00000000d5580000, 0x00000000d7000000, 0x0000000100000000)
  eden space 22528K, 0% used [0x00000000d5580000,0x00000000d5580000,0x00000000d6b80000)
  from space 2560K, 0% used [0x00000000d6c80000,0x00000000d6c80000,0x00000000d6f00000)
  to   space 1024K, 0% used [0x00000000d6f00000,0x00000000d6f00000,0x00000000d7000000)
 ParOldGen       total 68608K, used 18591K [0x0000000080000000, 0x0000000084300000, 0x00000000d5580000)
  object space 68608K, 27% used [0x0000000080000000,0x0000000081227e10,0x0000000084300000)
 Metaspace       used 34756K, committed 35840K, reserved 1114112K
  class space    used 3613K, committed 4096K, reserved 1048576K
}
Event: 6.470 GC heap before
{Heap before GC invocations=16 (full 2):
 PSYoungGen      total 25088K, used 22528K [0x00000000d5580000, 0x00000000d7000000, 0x0000000100000000)
  eden space 22528K, 100% used [0x00000000d5580000,0x00000000d6b80000,0x00000000d6b80000)
  from space 2560K, 0% used [0x00000000d6c80000,0x00000000d6c80000,0x00000000d6f00000)
  to   space 1024K, 0% used [0x00000000d6f00000,0x00000000d6f00000,0x00000000d7000000)
 ParOldGen       total 68608K, used 18601K [0x0000000080000000, 0x0000000084300000, 0x00000000d5580000)
  object space 68608K, 27% used [0x0000000080000000,0x000000008122a560,0x0000000084300000)
 Metaspace       used 37368K, committed 38528K, reserved 1114112K
  class space    used 4008K, committed 4544K, reserved 1048576K
}
Event: 6.472 GC heap after
{Heap after GC invocations=16 (full 2):
 PSYoungGen      total 23040K, used 960K [0x00000000d5580000, 0x00000000d7000000, 0x0000000100000000)
  eden space 22016K, 0% used [0x00000000d5580000,0x00000000d5580000,0x00000000d6b00000)
  from space 1024K, 93% used [0x00000000d6f00000,0x00000000d6ff0000,0x00000000d7000000)
  to   space 1536K, 0% used [0x00000000d6d00000,0x00000000d6d00000,0x00000000d6e80000)
 ParOldGen       total 68608K, used 18609K [0x0000000080000000, 0x0000000084300000, 0x00000000d5580000)
  object space 68608K, 27% used [0x0000000080000000,0x000000008122c560,0x0000000084300000)
 Metaspace       used 37368K, committed 38528K, reserved 1114112K
  class space    used 4008K, committed 4544K, reserved 1048576K
}

Dll operation events (10 events):
Event: 0.011 Loaded shared library c:\Users\Xoan\.vscode\extensions\redhat.java-1.44.0-win32-x64\jre\21.0.8-win32-x86_64\bin\java.dll
Event: 0.124 Loaded shared library c:\Users\Xoan\.vscode\extensions\redhat.java-1.44.0-win32-x64\jre\21.0.8-win32-x86_64\bin\zip.dll
Event: 0.145 Loaded shared library C:\Users\Xoan\.vscode\extensions\redhat.java-1.44.0-win32-x64\jre\21.0.8-win32-x86_64\bin\instrument.dll
Event: 0.151 Loaded shared library C:\Users\Xoan\.vscode\extensions\redhat.java-1.44.0-win32-x64\jre\21.0.8-win32-x86_64\bin\net.dll
Event: 0.154 Loaded shared library C:\Users\Xoan\.vscode\extensions\redhat.java-1.44.0-win32-x64\jre\21.0.8-win32-x86_64\bin\nio.dll
Event: 0.157 Loaded shared library C:\Users\Xoan\.vscode\extensions\redhat.java-1.44.0-win32-x64\jre\21.0.8-win32-x86_64\bin\zip.dll
Event: 0.177 Loaded shared library C:\Users\Xoan\.vscode\extensions\redhat.java-1.44.0-win32-x64\jre\21.0.8-win32-x86_64\bin\jimage.dll
Event: 0.285 Loaded shared library c:\Users\Xoan\.vscode\extensions\redhat.java-1.44.0-win32-x64\jre\21.0.8-win32-x86_64\bin\verify.dll
Event: 2.077 Loaded shared library C:\Users\Xoan\AppData\Roaming\Code\User\globalStorage\redhat.java\1.44.0\config_win\org.eclipse.equinox.launcher\org.eclipse.equinox.launcher.win32.win32.x86_64_1.2.1400.v20250730-1736\eclipse_11913.dll
Event: 3.902 Loaded shared library C:\Users\Xoan\AppData\Local\Temp\jna-2731396\jna17865116103612074814.dll

Deoptimization events (20 events):
Event: 5.336 Thread 0x000002147fd119d0 Uncommon trap: trap_request=0xffffff45 fr.pc=0x000002146bbcd2e0 relative=0x00000000000000c0
Event: 5.336 Thread 0x000002147fd119d0 Uncommon trap: reason=unstable_if action=reinterpret pc=0x000002146bbcd2e0 method=com.google.gson.stream.JsonReader.peek()Lcom/google/gson/stream/JsonToken; @ 15 c2
Event: 5.336 Thread 0x000002147fd119d0 DEOPT PACKING pc=0x000002146bbcd2e0 sp=0x00000078b75fee60
Event: 5.336 Thread 0x000002147fd119d0 DEOPT UNPACKING pc=0x000002146b613aa2 sp=0x00000078b75fede8 mode 2
Event: 5.347 Thread 0x000002147fd119d0 Uncommon trap: trap_request=0xffffff45 fr.pc=0x000002146bd7b7b8 relative=0x00000000000008f8
Event: 5.347 Thread 0x000002147fd119d0 Uncommon trap: reason=unstable_if action=reinterpret pc=0x000002146bd7b7b8 method=com.google.gson.stream.JsonReader.nextQuotedValue(C)Ljava/lang/String; @ 120 c2
Event: 5.347 Thread 0x000002147fd119d0 DEOPT PACKING pc=0x000002146bd7b7b8 sp=0x00000078b75fe8a0
Event: 5.347 Thread 0x000002147fd119d0 DEOPT UNPACKING pc=0x000002146b613aa2 sp=0x00000078b75fe838 mode 2
Event: 6.446 Thread 0x000002147f2d3870 Uncommon trap: trap_request=0xfffffff4 fr.pc=0x000002146bd41bd8 relative=0x0000000000000398
Event: 6.446 Thread 0x000002147f2d3870 Uncommon trap: reason=null_check action=make_not_entrant pc=0x000002146bd41bd8 method=sun.invoke.util.VerifyType.isNullConversion(Ljava/lang/Class;Ljava/lang/Class;Z)Z @ 12 c2
Event: 6.446 Thread 0x000002147f2d3870 DEOPT PACKING pc=0x000002146bd41bd8 sp=0x00000078b62fd5e0
Event: 6.446 Thread 0x000002147f2d3870 DEOPT UNPACKING pc=0x000002146b613aa2 sp=0x00000078b62fd568 mode 2
Event: 6.447 Thread 0x000002147f2d3870 Uncommon trap: trap_request=0xffffff45 fr.pc=0x000002146bbcafac relative=0x000000000000010c
Event: 6.447 Thread 0x000002147f2d3870 Uncommon trap: reason=unstable_if action=reinterpret pc=0x000002146bbcafac method=jdk.internal.org.objectweb.asm.ByteVector.putShort(I)Ljdk/internal/org/objectweb/asm/ByteVector; @ 13 c2
Event: 6.447 Thread 0x000002147f2d3870 DEOPT PACKING pc=0x000002146bbcafac sp=0x00000078b62fd1e0
Event: 6.447 Thread 0x000002147f2d3870 DEOPT UNPACKING pc=0x000002146b613aa2 sp=0x00000078b62fd168 mode 2
Event: 6.452 Thread 0x000002147fd10620 Uncommon trap: trap_request=0xffffff45 fr.pc=0x000002146bba6580 relative=0x00000000000000c0
Event: 6.452 Thread 0x000002147fd10620 Uncommon trap: reason=unstable_if action=reinterpret pc=0x000002146bba6580 method=jdk.internal.misc.Unsafe.convEndian(ZI)I @ 4 c2
Event: 6.452 Thread 0x000002147fd10620 DEOPT PACKING pc=0x000002146bba6580 sp=0x00000078b76fe5a0
Event: 6.452 Thread 0x000002147fd10620 DEOPT UNPACKING pc=0x000002146b613aa2 sp=0x00000078b76fe438 mode 2

Classes loaded (20 events):
Event: 5.420 Loading class sun/reflect/annotation/AnnotatedTypeFactory$AnnotatedTypeBaseImpl
Event: 5.420 Loading class sun/reflect/annotation/AnnotatedTypeFactory$AnnotatedTypeBaseImpl done
Event: 6.446 Loading class java/lang/invoke/MethodHandleImpl$CountingWrapper
Event: 6.446 Loading class java/lang/invoke/MethodHandleImpl$CountingWrapper done
Event: 6.451 Loading class java/net/HttpURLConnection
Event: 6.451 Loading class java/net/HttpURLConnection done
Event: 6.451 Loading class sun/security/provider/MD5
Event: 6.451 Loading class sun/security/provider/MD5 done
Event: 6.452 Loading class sun/security/provider/ByteArrayAccess$LE
Event: 6.452 Loading class sun/security/provider/ByteArrayAccess$LE done
Event: 6.466 Loading class java/io/FileFilter
Event: 6.466 Loading class java/io/FileFilter done
Event: 6.479 Loading class sun/misc/Unsafe
Event: 6.480 Loading class sun/misc/Unsafe done
Event: 6.493 Loading class java/lang/annotation/ElementType
Event: 6.493 Loading class java/lang/annotation/ElementType done
Event: 6.494 Loading class java/util/concurrent/ConcurrentHashMap$ValueSpliterator
Event: 6.494 Loading class java/util/concurrent/ConcurrentHashMap$ValueSpliterator done
Event: 6.495 Loading class jdk/internal/loader/BootLoader$PackageHelper
Event: 6.495 Loading class jdk/internal/loader/BootLoader$PackageHelper done

Classes unloaded (7 events):
Event: 4.400 Thread 0x000002145f5ffa20 Unloading class 0x00000214011ad000 'java/lang/invoke/LambdaForm$MH+0x00000214011ad000'
Event: 4.400 Thread 0x000002145f5ffa20 Unloading class 0x00000214011acc00 'java/lang/invoke/LambdaForm$MH+0x00000214011acc00'
Event: 4.400 Thread 0x000002145f5ffa20 Unloading class 0x00000214011ac800 'java/lang/invoke/LambdaForm$MH+0x00000214011ac800'
Event: 4.400 Thread 0x000002145f5ffa20 Unloading class 0x00000214011ac400 'java/lang/invoke/LambdaForm$MH+0x00000214011ac400'
Event: 4.400 Thread 0x000002145f5ffa20 Unloading class 0x00000214011ac000 'java/lang/invoke/LambdaForm$BMH+0x00000214011ac000'
Event: 4.400 Thread 0x000002145f5ffa20 Unloading class 0x00000214011abc00 'java/lang/invoke/LambdaForm$DMH+0x00000214011abc00'
Event: 4.400 Thread 0x000002145f5ffa20 Unloading class 0x00000214011aa800 'java/lang/invoke/LambdaForm$DMH+0x00000214011aa800'

Classes redefined (0 events):
No events

Internal exceptions (20 events):
Event: 5.205 Thread 0x000002147f2d2b50 Exception <a 'java/lang/NoSuchMethodError'{0x00000000d62850d8}: 'java.lang.Object java.lang.invoke.DirectMethodHandle$Holder.invokeStaticInit(java.lang.Object, java.lang.Object, java.lang.Object, java.lang.Object, java.lang.Object, java.lang.Object, java.lang.Object)'> (0x00000000d62850d8) 
thrown [s\src\hotspot\share\interpreter\linkResolver.cpp, line 773]
Event: 5.206 Thread 0x000002147f2d2b50 Exception <a 'java/lang/NoSuchMethodError'{0x00000000d62898b0}: 'java.lang.Object java.lang.invoke.Invokers$Holder.invoke_MT(java.lang.Object, java.lang.Object, java.lang.Object, java.lang.Object, java.lang.Object, java.lang.Object, java.lang.Object, java.lang.Object, java.lang.Object)'> (0x00000000d62898b0) 
thrown [s\src\hotspot\share\interpreter\linkResolver.cpp, line 773]
Event: 5.212 Thread 0x000002147f2d2b50 Exception <a 'java/lang/NoSuchMethodError'{0x00000000d63776f0}: 'int java.lang.invoke.DirectMethodHandle$Holder.invokeVirtual(java.lang.Object, java.lang.Object, java.lang.Object)'> (0x00000000d63776f0) 
thrown [s\src\hotspot\share\interpreter\linkResolver.cpp, line 773]
Event: 5.213 Thread 0x000002147f2d2b50 Exception <a 'java/lang/NoSuchMethodError'{0x00000000d637b668}: 'int java.lang.invoke.DirectMethodHandle$Holder.invokeStaticInit(java.lang.Object, int, int)'> (0x00000000d637b668) 
thrown [s\src\hotspot\share\interpreter\linkResolver.cpp, line 773]
Event: 5.213 Thread 0x000002147f2d2b50 Exception <a 'java/lang/NoSuchMethodError'{0x00000000d63ab360}: 'int java.lang.invoke.DirectMethodHandle$Holder.invokeStaticInit(java.lang.Object, long, long)'> (0x00000000d63ab360) 
thrown [s\src\hotspot\share\interpreter\linkResolver.cpp, line 773]
Event: 5.214 Thread 0x000002147f2d2b50 Exception <a 'java/lang/NoSuchMethodError'{0x00000000d63bc8a0}: 'int java.lang.invoke.DirectMethodHandle$Holder.invokeStaticInit(java.lang.Object, float, float)'> (0x00000000d63bc8a0) 
thrown [s\src\hotspot\share\interpreter\linkResolver.cpp, line 773]
Event: 5.215 Thread 0x000002147f2d2b50 Exception <a 'java/lang/NoSuchMethodError'{0x00000000d63c3230}: 'int java.lang.invoke.DirectMethodHandle$Holder.invokeStaticInit(java.lang.Object, double, double)'> (0x00000000d63c3230) 
thrown [s\src\hotspot\share\interpreter\linkResolver.cpp, line 773]
Event: 5.215 Thread 0x000002147f2d2b50 Exception <a 'java/lang/NoSuchMethodError'{0x00000000d63d21f8}: 'int java.lang.invoke.DirectMethodHandle$Holder.invokeStatic(java.lang.Object, long)'> (0x00000000d63d21f8) 
thrown [s\src\hotspot\share\interpreter\linkResolver.cpp, line 773]
Event: 5.219 Thread 0x000002147f2d2b50 Exception <a 'java/lang/NoSuchMethodError'{0x00000000d64362a0}: 'int java.lang.invoke.Invokers$Holder.linkToTargetMethod(java.lang.Object, java.lang.Object)'> (0x00000000d64362a0) 
thrown [s\src\hotspot\share\interpreter\linkResolver.cpp, line 773]
Event: 5.253 Thread 0x000002147f2d4590 Exception <a 'java/lang/NoSuchMethodError'{0x00000000d6a824c0}: 'java.lang.Object java.lang.invoke.DirectMethodHandle$Holder.invokeVirtual(java.lang.Object, java.lang.Object, java.lang.Object, java.lang.Object)'> (0x00000000d6a824c0) 
thrown [s\src\hotspot\share\interpreter\linkResolver.cpp, line 773]
Event: 5.254 Thread 0x000002147f2d2b50 Exception <a 'java/lang/NoSuchMethodError'{0x00000000d6aa0ec0}: 'java.lang.Object java.lang.invoke.DirectMethodHandle$Holder.invokeSpecialIFC(java.lang.Object, java.lang.Object, java.lang.Object, java.lang.Object)'> (0x00000000d6aa0ec0) 
thrown [s\src\hotspot\share\interpreter\linkResolver.cpp, line 773]
Event: 5.256 Thread 0x000002147f2d4590 Exception <a 'java/lang/NoSuchMethodError'{0x00000000d6b1d548}: 'java.lang.Object java.lang.invoke.DirectMethodHandle$Holder.invokeVirtual(java.lang.Object, java.lang.Object, java.lang.Object, java.lang.Object, java.lang.Object)'> (0x00000000d6b1d548) 
thrown [s\src\hotspot\share\interpreter\linkResolver.cpp, line 773]
Event: 5.268 Thread 0x000002145f560b60 Exception <a 'java/lang/NoSuchMethodError'{0x00000000d567fed8}: 'void java.lang.invoke.DirectMethodHandle$Holder.invokeSpecial(java.lang.Object, java.lang.Object, java.lang.Object, java.lang.Object, java.lang.Object, java.lang.Object)'> (0x00000000d567fed8) 
thrown [s\src\hotspot\share\interpreter\linkResolver.cpp, line 773]
Event: 5.269 Thread 0x000002145f560b60 Exception <a 'java/lang/IncompatibleClassChangeError'{0x00000000d56cf910}: Found class java.lang.Object, but interface was expected> (0x00000000d56cf910) 
thrown [s\src\hotspot\share\interpreter\linkResolver.cpp, line 840]
Event: 5.269 Thread 0x000002145f560b60 Exception <a 'java/lang/IncompatibleClassChangeError'{0x00000000d56d1700}: Found class java.lang.Object, but interface was expected> (0x00000000d56d1700) 
thrown [s\src\hotspot\share\interpreter\linkResolver.cpp, line 840]
Event: 6.444 Thread 0x000002147f2d3870 Exception <a 'java/lang/NoSuchMethodError'{0x00000000d687b718}: 'int java.lang.invoke.DirectMethodHandle$Holder.invokeSpecial(java.lang.Object, java.lang.Object, java.lang.Object, java.lang.Object)'> (0x00000000d687b718) 
thrown [s\src\hotspot\share\interpreter\linkResolver.cpp, line 773]
Event: 6.445 Thread 0x000002147f2d3870 Exception <a 'java/lang/NoSuchMethodError'{0x00000000d68baf70}: 'java.lang.Object java.lang.invoke.DirectMethodHandle$Holder.invokeStatic(java.lang.Object, int, java.lang.Object, java.lang.Object)'> (0x00000000d68baf70) 
thrown [s\src\hotspot\share\interpreter\linkResolver.cpp, line 773]
Event: 6.445 Thread 0x000002147f2d3870 Exception <a 'java/lang/NoSuchMethodError'{0x00000000d68be750}: 'java.lang.Object java.lang.invoke.DelegatingMethodHandle$Holder.delegate(java.lang.Object, int, java.lang.Object, java.lang.Object)'> (0x00000000d68be750) 
thrown [s\src\hotspot\share\interpreter\linkResolver.cpp, line 773]
Event: 6.446 Thread 0x000002147f2d3870 Implicit null exception at 0x000002146bd41880 to 0x000002146bd41bc8
Event: 6.447 Thread 0x000002147f2d3870 Exception <a 'java/lang/NoSuchMethodError'{0x00000000d6921c50}: 'int java.lang.invoke.Invokers$Holder.linkToTargetMethod(java.lang.Object, java.lang.Object, java.lang.Object)'> (0x00000000d6921c50) 
thrown [s\src\hotspot\share\interpreter\linkResolver.cpp, line 773]

ZGC Phase Switch (0 events):
No events

VM Operations (20 events):
Event: 5.104 Executing VM operation: ParallelGCFailedAllocation (Allocation Failure)
Event: 5.106 Executing VM operation: ParallelGCFailedAllocation (Allocation Failure) done
Event: 5.226 Executing VM operation: HandshakeAllThreads (Deoptimize)
Event: 5.226 Executing VM operation: HandshakeAllThreads (Deoptimize) done
Event: 5.259 Executing VM operation: ParallelGCFailedAllocation (Allocation Failure)
Event: 5.259 Executing VM operation: ParallelGCFailedAllocation (Allocation Failure) done
Event: 5.259 Executing VM operation: ParallelGCSystemGC (GCLocker Initiated GC)
Event: 5.262 Executing VM operation: ParallelGCSystemGC (GCLocker Initiated GC) done
Event: 5.280 Executing VM operation: CollectForMetadataAllocation (Metadata GC Threshold)
Event: 5.310 Executing VM operation: CollectForMetadataAllocation (Metadata GC Threshold) done
Event: 6.311 Executing VM operation: Cleanup
Event: 6.442 Executing VM operation: Cleanup done
Event: 6.470 Executing VM operation: ParallelGCFailedAllocation (Allocation Failure)
Event: 6.472 Executing VM operation: ParallelGCFailedAllocation (Allocation Failure) done
Event: 6.488 Executing VM operation: HandshakeAllThreads (Deoptimize)
Event: 6.488 Executing VM operation: HandshakeAllThreads (Deoptimize) done
Event: 7.488 Executing VM operation: Cleanup
Event: 7.510 Executing VM operation: Cleanup done
Event: 9.512 Executing VM operation: Cleanup
Event: 9.520 Executing VM operation: Cleanup done

Memory protections (0 events):
No events

Nmethod flushes (20 events):
Event: 5.294 Thread 0x000002145f5ffa20 flushing  nmethod 0x00000214646f9610
Event: 5.294 Thread 0x000002145f5ffa20 flushing  nmethod 0x000002146471b490
Event: 5.294 Thread 0x000002145f5ffa20 flushing  nmethod 0x000002146471b890
Event: 5.294 Thread 0x000002145f5ffa20 flushing  nmethod 0x000002146471c190
Event: 5.294 Thread 0x000002145f5ffa20 flushing  nmethod 0x000002146471d390
Event: 5.294 Thread 0x000002145f5ffa20 flushing  nmethod 0x000002146471db90
Event: 5.294 Thread 0x000002145f5ffa20 flushing  nmethod 0x000002146471e310
Event: 5.294 Thread 0x000002145f5ffa20 flushing  nmethod 0x000002146471f890
Event: 5.294 Thread 0x000002145f5ffa20 flushing  nmethod 0x0000021464720190
Event: 5.294 Thread 0x000002145f5ffa20 flushing  nmethod 0x0000021464720a10
Event: 5.294 Thread 0x000002145f5ffa20 flushing  nmethod 0x0000021464721f10
Event: 5.294 Thread 0x000002145f5ffa20 flushing  nmethod 0x0000021464722d90
Event: 5.294 Thread 0x000002145f5ffa20 flushing  nmethod 0x0000021464723a90
Event: 5.294 Thread 0x000002145f5ffa20 flushing  nmethod 0x0000021464724a10
Event: 5.294 Thread 0x000002145f5ffa20 flushing  nmethod 0x0000021464724d10
Event: 5.294 Thread 0x000002145f5ffa20 flushing  nmethod 0x0000021464775410
Event: 5.294 Thread 0x000002145f5ffa20 flushing  nmethod 0x0000021464775710
Event: 5.294 Thread 0x000002145f5ffa20 flushing  nmethod 0x00000214647b3b10
Event: 5.294 Thread 0x000002145f5ffa20 flushing  nmethod 0x00000214647ee610
Event: 5.294 Thread 0x000002145f5ffa20 flushing  nmethod 0x0000021464814510

Events (20 events):
Event: 5.099 Thread 0x000002145f560b60 Thread added: 0x000002147fd0e550
Event: 5.099 Thread 0x000002145f560b60 Thread added: 0x000002147fd0cb10
Event: 5.099 Thread 0x000002145f560b60 Thread added: 0x000002147fd0d1a0
Event: 5.099 Thread 0x000002145f560b60 Thread added: 0x000002147fd0dec0
Event: 5.099 Thread 0x000002145f560b60 Thread added: 0x000002147fd0d830
Event: 5.099 Thread 0x000002145f560b60 Thread added: 0x000002147fd0b760
Event: 5.100 Thread 0x000002145f560b60 Thread added: 0x000002147fd0ebe0
Event: 5.100 Thread 0x000002145f560b60 Thread added: 0x000002147fd0f270
Event: 5.100 Thread 0x000002145f560b60 Thread added: 0x000002147fd0bdf0
Event: 5.100 Thread 0x000002145f560b60 Thread added: 0x000002147fd0f900
Event: 5.100 Thread 0x000002145f560b60 Thread added: 0x000002147fd0c480
Event: 5.120 Thread 0x000002145f560b60 Thread added: 0x000002147fd12060
Event: 5.173 Thread 0x000002147f2d4590 Thread added: 0x000002147fd10cb0
Event: 5.196 Thread 0x000002147f2d4590 Thread added: 0x000002147fd11340
Event: 5.330 Thread 0x000002145f560b60 Thread added: 0x000002147fd12d80
Event: 5.331 Thread 0x000002145f560b60 Thread added: 0x000002147fd119d0
Event: 5.392 Thread 0x000002147f2d4590 Thread added: 0x000002147fd10620
Event: 6.443 Thread 0x000002147f2d3870 Thread added: 0x000002147fd0ff90
Event: 6.443 Thread 0x000002147fd0ff90 Thread added: 0x0000021442669b20
Event: 9.388 Thread 0x000002147f615bd0 Thread exited: 0x000002147f615bd0


Dynamic libraries:
0x00007ff69e510000 - 0x00007ff69e51e000 	c:\Users\Xoan\.vscode\extensions\redhat.java-1.44.0-win32-x64\jre\21.0.8-win32-x86_64\bin\java.exe
0x00007ff911f60000 - 0x00007ff9121c7000 	C:\WINDOWS\SYSTEM32\ntdll.dll
0x00007ff911810000 - 0x00007ff9118d9000 	C:\WINDOWS\System32\KERNEL32.DLL
0x00007ff90f5d0000 - 0x00007ff90f9c0000 	C:\WINDOWS\System32\KERNELBASE.dll
0x00007ff90fba0000 - 0x00007ff90fceb000 	C:\WINDOWS\System32\ucrtbase.dll
0x00007ff8dd920000 - 0x00007ff8dd938000 	c:\Users\Xoan\.vscode\extensions\redhat.java-1.44.0-win32-x64\jre\21.0.8-win32-x86_64\bin\jli.dll
0x00007ff8e4220000 - 0x00007ff8e423e000 	c:\Users\Xoan\.vscode\extensions\redhat.java-1.44.0-win32-x64\jre\21.0.8-win32-x86_64\bin\VCRUNTIME140.dll
0x00007ff9111f0000 - 0x00007ff9113b5000 	C:\WINDOWS\System32\USER32.dll
0x00007ff8f30b0000 - 0x00007ff8f334a000 	C:\WINDOWS\WinSxS\amd64_microsoft.windows.common-controls_6595b64144ccf1df_6.0.26100.4768_none_3e0c112ce331287c\COMCTL32.dll
0x00007ff90f150000 - 0x00007ff90f177000 	C:\WINDOWS\System32\win32u.dll
0x00007ff9118e0000 - 0x00007ff911989000 	C:\WINDOWS\System32\msvcrt.dll
0x00007ff911ef0000 - 0x00007ff911f1b000 	C:\WINDOWS\System32\GDI32.dll
0x00007ff90f9d0000 - 0x00007ff90fb08000 	C:\WINDOWS\System32\gdi32full.dll
0x00007ff90f180000 - 0x00007ff90f223000 	C:\WINDOWS\System32\msvcp_win.dll
0x00007ff9119a0000 - 0x00007ff9119cf000 	C:\WINDOWS\System32\IMM32.DLL
0x00007ff90a080000 - 0x00007ff90a08c000 	c:\Users\Xoan\.vscode\extensions\redhat.java-1.44.0-win32-x64\jre\21.0.8-win32-x86_64\bin\vcruntime140_1.dll
0x00007ff8a4f20000 - 0x00007ff8a4fad000 	c:\Users\Xoan\.vscode\extensions\redhat.java-1.44.0-win32-x64\jre\21.0.8-win32-x86_64\bin\msvcp140.dll
0x00007ff8a0a40000 - 0x00007ff8a17d7000 	c:\Users\Xoan\.vscode\extensions\redhat.java-1.44.0-win32-x64\jre\21.0.8-win32-x86_64\bin\server\jvm.dll
0x00007ff911d50000 - 0x00007ff911e04000 	C:\WINDOWS\System32\ADVAPI32.dll
0x00007ff911a50000 - 0x00007ff911af6000 	C:\WINDOWS\System32\sechost.dll
0x00007ff911570000 - 0x00007ff911688000 	C:\WINDOWS\System32\RPCRT4.dll
0x00007ff911e70000 - 0x00007ff911ee4000 	C:\WINDOWS\System32\WS2_32.dll
0x00007ff90eef0000 - 0x00007ff90ef4e000 	C:\WINDOWS\SYSTEM32\POWRPROF.dll
0x00007ff909710000 - 0x00007ff90971b000 	C:\WINDOWS\SYSTEM32\VERSION.dll
0x00007ff902900000 - 0x00007ff902935000 	C:\WINDOWS\SYSTEM32\WINMM.dll
0x00007ff90eed0000 - 0x00007ff90eee4000 	C:\WINDOWS\SYSTEM32\UMPDC.dll
0x00007ff90ddd0000 - 0x00007ff90ddeb000 	C:\WINDOWS\SYSTEM32\kernel.appcore.dll
0x00007ff909da0000 - 0x00007ff909daa000 	c:\Users\Xoan\.vscode\extensions\redhat.java-1.44.0-win32-x64\jre\21.0.8-win32-x86_64\bin\jimage.dll
0x00007ff8fa9e0000 - 0x00007ff8fac21000 	C:\WINDOWS\SYSTEM32\DBGHELP.DLL
0x00007ff910500000 - 0x00007ff910885000 	C:\WINDOWS\System32\combase.dll
0x00007ff911690000 - 0x00007ff911770000 	C:\WINDOWS\System32\OLEAUT32.dll
0x00007ff8e7660000 - 0x00007ff8e76a3000 	C:\WINDOWS\SYSTEM32\dbgcore.DLL
0x00007ff90f530000 - 0x00007ff90f5c9000 	C:\WINDOWS\System32\bcryptPrimitives.dll
0x00007ff9095f0000 - 0x00007ff9095ff000 	c:\Users\Xoan\.vscode\extensions\redhat.java-1.44.0-win32-x64\jre\21.0.8-win32-x86_64\bin\instrument.dll
0x00007ff8da8f0000 - 0x00007ff8da90f000 	c:\Users\Xoan\.vscode\extensions\redhat.java-1.44.0-win32-x64\jre\21.0.8-win32-x86_64\bin\java.dll
0x00007ff910890000 - 0x00007ff910fdd000 	C:\WINDOWS\System32\SHELL32.dll
0x00007ff90f3b0000 - 0x00007ff90f523000 	C:\WINDOWS\System32\wintypes.dll
0x00007ff90cc50000 - 0x00007ff90d4b0000 	C:\WINDOWS\SYSTEM32\windows.storage.dll
0x00007ff911c00000 - 0x00007ff911cf5000 	C:\WINDOWS\System32\SHCORE.dll
0x00007ff9119e0000 - 0x00007ff911a4a000 	C:\WINDOWS\System32\shlwapi.dll
0x00007ff90efb0000 - 0x00007ff90efd9000 	C:\WINDOWS\SYSTEM32\profapi.dll
0x00007ff8d5690000 - 0x00007ff8d56a8000 	c:\Users\Xoan\.vscode\extensions\redhat.java-1.44.0-win32-x64\jre\21.0.8-win32-x86_64\bin\zip.dll
0x00007ff9093a0000 - 0x00007ff9093b0000 	C:\Users\Xoan\.vscode\extensions\redhat.java-1.44.0-win32-x64\jre\21.0.8-win32-x86_64\bin\net.dll
0x00007ff908110000 - 0x00007ff90822e000 	C:\WINDOWS\SYSTEM32\WINHTTP.dll
0x00007ff90e340000 - 0x00007ff90e3ab000 	C:\WINDOWS\system32\mswsock.dll
0x00007ff8d5330000 - 0x00007ff8d5346000 	C:\Users\Xoan\.vscode\extensions\redhat.java-1.44.0-win32-x64\jre\21.0.8-win32-x86_64\bin\nio.dll
0x00007ff9092f0000 - 0x00007ff909300000 	c:\Users\Xoan\.vscode\extensions\redhat.java-1.44.0-win32-x64\jre\21.0.8-win32-x86_64\bin\verify.dll
0x00007ff8c6310000 - 0x00007ff8c6355000 	C:\Users\Xoan\AppData\Roaming\Code\User\globalStorage\redhat.java\1.44.0\config_win\org.eclipse.equinox.launcher\org.eclipse.equinox.launcher.win32.win32.x86_64_1.2.1400.v20250730-1736\eclipse_11913.dll
0x00007ff9113c0000 - 0x00007ff911560000 	C:\WINDOWS\System32\ole32.dll
0x00007ff90e720000 - 0x00007ff90e73b000 	C:\WINDOWS\SYSTEM32\CRYPTSP.dll
0x00007ff90dd30000 - 0x00007ff90dd6b000 	C:\WINDOWS\system32\rsaenh.dll
0x00007ff90e3e0000 - 0x00007ff90e40b000 	C:\WINDOWS\SYSTEM32\USERENV.dll
0x00007ff90ef80000 - 0x00007ff90efa6000 	C:\WINDOWS\SYSTEM32\bcrypt.dll
0x00007ff90e580000 - 0x00007ff90e58c000 	C:\WINDOWS\SYSTEM32\CRYPTBASE.dll
0x00007ff90d780000 - 0x00007ff90d7b3000 	C:\WINDOWS\SYSTEM32\IPHLPAPI.DLL
0x00007ff911990000 - 0x00007ff91199a000 	C:\WINDOWS\System32\NSI.dll
0x00007ff8a5bc0000 - 0x00007ff8a5c09000 	C:\Users\Xoan\AppData\Local\Temp\jna-2731396\jna17865116103612074814.dll
0x00007ff911070000 - 0x00007ff911078000 	C:\WINDOWS\System32\PSAPI.DLL
0x00007ff907b30000 - 0x00007ff907b4f000 	C:\WINDOWS\SYSTEM32\dhcpcsvc6.DLL
0x00007ff907b00000 - 0x00007ff907b25000 	C:\WINDOWS\SYSTEM32\dhcpcsvc.DLL

JVMTI agents:
c:\Users\Xoan\.vscode\extensions\redhat.java-1.44.0-win32-x64\lombok\lombok-1.18.39-4050.jar path:c:\Users\Xoan\.vscode\extensions\redhat.java-1.44.0-win32-x64\jre\21.0.8-win32-x86_64\bin\instrument.dll, loaded, initialized, instrumentlib options:none

dbghelp: loaded successfully - version: 4.0.5 - missing functions: none
symbol engine: initialized successfully - sym options: 0x614 - pdb path: .;c:\Users\Xoan\.vscode\extensions\redhat.java-1.44.0-win32-x64\jre\21.0.8-win32-x86_64\bin;C:\WINDOWS\SYSTEM32;C:\WINDOWS\WinSxS\amd64_microsoft.windows.common-controls_6595b64144ccf1df_6.0.26100.4768_none_3e0c112ce331287c;c:\Users\Xoan\.vscode\extensions\redhat.java-1.44.0-win32-x64\jre\21.0.8-win32-x86_64\bin\server;C:\Users\Xoan\AppData\Roaming\Code\User\globalStorage\redhat.java\1.44.0\config_win\org.eclipse.equinox.launcher\org.eclipse.equinox.launcher.win32.win32.x86_64_1.2.1400.v20250730-1736;C:\Users\Xoan\AppData\Local\Temp\jna-2731396

VM Arguments:
jvm_args: --add-modules=ALL-SYSTEM --add-opens=java.base/java.util=ALL-UNNAMED --add-opens=java.base/java.lang=ALL-UNNAMED --add-opens=java.base/sun.nio.fs=ALL-UNNAMED -Declipse.application=org.eclipse.jdt.ls.core.id1 -Dosgi.bundles.defaultStartLevel=4 -Declipse.product=org.eclipse.jdt.ls.core.product -Djava.import.generatesMetadataFilesAtProjectRoot=false -DDetectVMInstallationsJob.disabled=true -Dfile.encoding=utf8 -XX:+UseParallelGC -XX:GCTimeRatio=4 -XX:AdaptiveSizePolicyWeight=90 -Dsun.zip.disableMemoryMapping=true -Xmx2G -Xms100m -Xlog:disable -javaagent:c:\Users\Xoan\.vscode\extensions\redhat.java-1.44.0-win32-x64\lombok\lombok-1.18.39-4050.jar -XX:+HeapDumpOnOutOfMemoryError -XX:HeapDumpPath=c:\Users\Xoan\AppData\Roaming\Code\User\workspaceStorage\0b3cd3fae53fb0d5411922ca6d91134d\redhat.java -Daether.dependencyCollector.impl=bf 
java_command: c:\Users\Xoan\.vscode\extensions\redhat.java-1.44.0-win32-x64\server\plugins\org.eclipse.equinox.launcher_1.7.0.v20250519-0528.jar -configuration c:\Users\Xoan\AppData\Roaming\Code\User\globalStorage\redhat.java\1.44.0\config_win -data c:\Users\Xoan\AppData\Roaming\Code\User\workspaceStorage\0b3cd3fae53fb0d5411922ca6d91134d\redhat.java\jdt_ws --pipe=\\.\pipe\lsp-7235f693f855549b141747bb95a6e835-sock
java_class_path (initial): c:\Users\Xoan\.vscode\extensions\redhat.java-1.44.0-win32-x64\server\plugins\org.eclipse.equinox.launcher_1.7.0.v20250519-0528.jar
Launcher Type: SUN_STANDARD

[Global flags]
    uintx AdaptiveSizePolicyWeight                 = 90                                        {product} {command line}
     intx CICompilerCount                          = 4                                         {product} {ergonomic}
    uintx GCTimeRatio                              = 4                                         {product} {command line}
     bool HeapDumpOnOutOfMemoryError               = true                                   {manageable} {command line}
    ccstr HeapDumpPath                             = c:\Users\Xoan\AppData\Roaming\Code\User\workspaceStorage\0b3cd3fae53fb0d5411922ca6d91134d\redhat.java         {manageable} {command line}
   size_t InitialHeapSize                          = 104857600                                 {product} {command line}
   size_t MaxHeapSize                              = 2147483648                                {product} {command line}
   size_t MaxNewSize                               = 715653120                                 {product} {ergonomic}
   size_t MinHeapDeltaBytes                        = 524288                                    {product} {ergonomic}
   size_t MinHeapSize                              = 104857600                                 {product} {command line}
   size_t NewSize                                  = 34603008                                  {product} {ergonomic}
    uintx NonNMethodCodeHeapSize                   = 5839372                                {pd product} {ergonomic}
    uintx NonProfiledCodeHeapSize                  = 122909434                              {pd product} {ergonomic}
   size_t OldSize                                  = 70254592                                  {product} {ergonomic}
    uintx ProfiledCodeHeapSize                     = 122909434                              {pd product} {ergonomic}
    uintx ReservedCodeCacheSize                    = 251658240                              {pd product} {ergonomic}
     bool SegmentedCodeCache                       = true                                      {product} {ergonomic}
   size_t SoftMaxHeapSize                          = 2147483648                             {manageable} {ergonomic}
     bool UseCompressedOops                        = true                           {product lp64_product} {ergonomic}
     bool UseLargePagesIndividualAllocation        = false                                  {pd product} {ergonomic}
     bool UseParallelGC                            = true                                      {product} {command line}

Logging:
Log output configuration:
 #0: stdout all=off uptime,level,tags foldmultilines=false
 #1: stderr all=off uptime,level,tags foldmultilines=false

Environment Variables:
JAVA_HOME=C:\Program Files\Java\jdk-22
PATH=C:\Program Files\Microsoft MPI\Bin\;C:\Program Files\Common Files\Oracle\Java\javapath;C:\Program Files (x86)\Common Files\Oracle\Java\java8path;C:\Program Files (x86)\Common Files\Oracle\Java\javapath;C:\ProgramData\Oracle\Java\javapath;C:\Program Files (x86)\Razer Chroma SDK\bin;C:\Program Files\Razer Chroma SDK\bin;C:\Program Files (x86)\Razer\ChromaBroadcast\bin;C:\Program Files\Razer\ChromaBroadcast\bin;C:\Program Files (x86)\Common Files\Intel\Shared Libraries\redist\intel64\compiler;C:\WINDOWS\system32;C:\WINDOWS;C:\WINDOWS\System32\Wbem;C:\WINDOWS\System32\WindowsPowerShell\v1.0\;C:\WINDOWS\System32\OpenSSH\;C:\WINDOWS\system32\config\systemprofile\AppData\Local\Microsoft\WindowsApps;C:\Program Files\WireGuard\;C:\WINDOWS\system32;C:\WINDOWS;C:\WINDOWS\System32\Wbem;C:\WINDOWS\System32\WindowsPowerShell\v1.0\;C:\WINDOWS\System32\OpenSSH\;C:\Program Files\dotnet\;C:\Program Files (x86)\dotnet\;C:\Program Files (x86)\NVIDIA Corporation\PhysX\Common;C:\Program Files\Microsoft SQL Server\150\Tools\Binn\;C:\Program Files\Microsoft SQL Server\Client SDK\ODBC\170\Tools\Binn\;C:\Program Files\NVIDIA Corporation\NVIDIA App\NvDLISR;C:\Program Files\Java\jdk-22\bin;C:\Program Files (x86)\Microsoft SQL Server\160\Tools\Binn\;C:\Program Files\Microsoft SQL Server\160\Tools\Binn\;C:\Program Files\Microsoft SQL Server\160\DTS\Binn\;E:\Git\cmd;C:\Program Files\Docker\Docker\resources\bin;C:\Program Files\nodejs\;C:\Program Files (x86)\Microsoft SQL Server\160\DTS\Binn\;C:\Users\Xoan\AppData\Local\Microsoft\WindowsApps;C:\Users\Xoan\AppData\Local\Programs\Microsoft VS Code\bin;C:\Users\Xoan\.dotnet\tools;C:\apache-maven-3.9.8\bin;C:\Users\Xoan\AppData\Local\GitHubDesktop\bin;C:\Users\Xoan\AppData\Roaming\npm;C:\Program Files\Docker\Docker\resources\bin;
USERNAME=Xoan
OS=Windows_NT
PROCESSOR_IDENTIFIER=Intel64 Family 6 Model 165 Stepping 3, GenuineIntel
TMP=C:\Users\Xoan\AppData\Local\Temp
TEMP=C:\Users\Xoan\AppData\Local\Temp




Periodic native trim disabled

---------------  S Y S T E M  ---------------

OS:
 Windows 11 , 64 bit Build 26100 (10.0.26100.4768)
OS uptime: 0 days 1:34 hours
Hyper-V role detected

CPU: total 12 (initial active 12) (6 cores per cpu, 2 threads per core) family 6 model 165 stepping 3 microcode 0xe0, cx8, cmov, fxsr, ht, mmx, 3dnowpref, sse, sse2, sse3, ssse3, sse4.1, sse4.2, popcnt, lzcnt, tsc, tscinvbit, avx, avx2, aes, erms, clmul, bmi1, bmi2, adx, fma, vzeroupper, clflush, clflushopt, hv, rdtscp, f16c
Processor Information for the first 12 processors :
  Max Mhz: 2901, Current Mhz: 2901, Mhz Limit: 2901

Memory: 4k page, system-wide physical 16308M (4701M free)
TotalPageFile size 20404M (AvailPageFile size 155M)
current process WorkingSet (physical memory assigned to process): 207M, peak: 207M
current process commit charge ("private bytes"): 337M, peak: 337M

vm_info: OpenJDK 64-Bit Server VM (21.0.8+9-LTS) for windows-amd64 JRE (21.0.8+9-LTS), built on 2025-07-15T00:00:00Z by "admin" with MS VC++ 17.7 (VS2022)

END.
